// Jest Snapshot v1, https://goo.gl/fbAQLP

exports[`selectors selectFlashcardQuizFlashcards should return merged flashcard data and quiz data 1`] = `
Object {
  "a1": Object {
    "answer": "a1 answer",
    "isCorrect": true,
    "question": "a1 question",
  },
  "a2": Object {
    "answer": "a2 answer",
    "isCorrect": true,
    "question": "a2 question",
  },
}
`;
