// Jest Snapshot v1, https://goo.gl/fbAQLP

exports[`GIVEN a redux store with the reducers THEN the initial state should be as expected 1`] = `
Object {
  "auth": Object {
    "isAuthenticated": false,
  },
  "design": Object {
    "form": Object {},
    "iconTabs": Object {},
  },
  "schedule": Object {
    "data": Object {},
  },
  "shared": Object {
    "filter": Object {},
    "loading": Object {},
  },
  "spotify": Object {
    "devices": Object {
      "load": Object {
        "error": null,
        "isFailure": false,
        "isPending": false,
        "isSuccess": false,
      },
      "value": Array [],
    },
    "player": Object {
      "load": Object {
        "error": null,
        "isFailure": false,
        "isPending": false,
        "isSuccess": false,
      },
      "play": Object {
        "load": Object {
          "error": null,
          "isFailure": false,
          "isPending": false,
          "isSuccess": false,
        },
      },
    },
    "searchResults": Object {
      "load": Object {
        "error": null,
        "isFailure": false,
        "isPending": false,
        "isSuccess": false,
      },
      "value": Object {},
    },
    "simplifiedAlbums": Object {},
    "spotifyAccessToken": null,
    "tracks": Object {},
  },
}
`;
